2024-09-16T17:29:36.792366+0700 INFO Start Reprint Thread
2024-09-16T17:32:29.261536+0700 INFO Start Reprint Thread
2024-09-16T17:32:42.626609+0700 INFO invs before deduction: 
2024-09-16T17:32:42.706497+0700 INFO invs after deduction: 
2024-09-16T17:33:01.130803+0700 INFO invs before deduction: 
2024-09-16T17:33:01.168257+0700 INFO invs after deduction: 
2024-09-16T17:33:18.032321+0700 INFO invs before deduction: 
2024-09-16T17:33:18.068000+0700 INFO invs after deduction: 
2024-09-16T17:33:33.765993+0700 INFO invs before deduction: 
2024-09-16T17:33:33.803496+0700 INFO invs after deduction: 
2024-09-16T17:33:52.310674+0700 INFO invs before deduction: 
2024-09-16T17:33:52.345759+0700 INFO invs after deduction: 
2024-09-16T17:34:07.973435+0700 INFO invs before deduction: 
2024-09-16T17:34:08.067155+0700 INFO invs after deduction: 
2024-09-16T17:34:27.939108+0700 INFO invs before deduction: 
2024-09-16T17:34:27.976304+0700 INFO invs after deduction: 
2024-09-16T17:34:43.652209+0700 INFO invs before deduction: 
2024-09-16T17:34:43.694715+0700 INFO invs after deduction: 
2024-09-16T17:35:01.758983+0700 INFO invs before deduction: 
2024-09-16T17:35:01.795376+0700 INFO invs after deduction: 
2024-09-16T17:35:17.093608+0700 INFO invs before deduction: 
2024-09-16T17:35:17.117610+0700 INFO invs after deduction: 
2024-09-16T17:37:46.106487+0700 INFO Start Reprint Thread
2024-09-16T17:38:04.281886+0700 INFO invs before deduction: 
2024-09-16T17:38:04.319136+0700 INFO invs after deduction: 
2024-09-16T17:38:19.498696+0700 INFO invs before deduction: 
2024-09-16T17:38:19.549439+0700 INFO invs after deduction: 
2024-09-16T17:38:38.423974+0700 INFO invs before deduction: 
2024-09-16T17:38:38.445918+0700 INFO invs after deduction: 
2024-09-16T17:38:56.041900+0700 INFO invs before deduction: 
2024-09-16T17:38:56.080764+0700 INFO invs after deduction: 
2024-09-16T17:39:13.154744+0700 INFO invs before deduction: 
2024-09-16T17:39:13.192266+0700 INFO invs after deduction: 
2024-09-16T17:39:32.818790+0700 INFO invs before deduction: 
2024-09-16T17:39:32.840463+0700 INFO invs after deduction: 
2024-09-16T17:39:47.782652+0700 INFO invs before deduction: 
2024-09-16T17:39:47.822007+0700 INFO invs after deduction: 
2024-09-16T17:40:04.863510+0700 INFO invs before deduction: 
2024-09-16T17:40:04.903873+0700 INFO invs after deduction: 
2024-09-16T17:40:18.980076+0700 INFO invs before deduction: 
2024-09-16T17:40:19.016584+0700 INFO invs after deduction: 
2024-09-16T17:53:56.643620+0700 INFO invs before deduction: 
2024-09-16T17:53:56.684435+0700 INFO invs after deduction: 
2024-09-16T17:54:44.725429+0700 INFO Start Reprint Thread
2024-09-16T17:55:33.043275+0700 INFO Start Reprint Thread
2024-09-16T17:56:18.149208+0700 INFO Start Reprint Thread
2024-09-16T17:57:39.737818+0700 INFO Start Reprint Thread
2024-09-16T17:57:54.628704+0700 INFO invs before deduction: 
2024-09-16T17:57:54.686549+0700 INFO invs after deduction: 
2024-09-16T17:58:08.157057+0700 INFO invs before deduction: 
2024-09-16T17:58:08.210824+0700 INFO invs after deduction: 
2024-09-16T17:58:23.957029+0700 INFO invs before deduction: 
2024-09-16T17:58:24.004282+0700 INFO invs after deduction: 
2024-09-16T17:58:42.835325+0700 INFO invs before deduction: 
2024-09-16T17:58:42.880301+0700 INFO invs after deduction: 
2024-09-16T17:59:01.534802+0700 INFO invs before deduction: 
2024-09-16T17:59:01.574695+0700 INFO invs after deduction: 
2024-09-16T17:59:26.500218+0700 INFO invs before deduction: 
2024-09-16T17:59:26.534930+0700 INFO invs after deduction: 
2024-09-16T17:59:44.794017+0700 INFO invs before deduction: 
2024-09-16T17:59:44.839620+0700 INFO invs after deduction: 
2024-09-16T17:59:59.896118+0700 INFO invs before deduction: 
2024-09-16T17:59:59.948696+0700 INFO invs after deduction: 
2024-09-16T18:00:16.464127+0700 INFO invs before deduction: 
2024-09-16T18:00:16.498183+0700 INFO invs after deduction: 
2024-09-16T18:05:17.157338+0700 INFO Start Reprint Thread
2024-09-16T18:05:32.034244+0700 INFO invs before deduction: 
2024-09-16T18:05:32.071974+0700 INFO invs after deduction: 
2024-09-16T18:05:56.599690+0700 INFO invs before deduction: 
2024-09-16T18:05:56.655014+0700 INFO invs after deduction: 
2024-09-16T18:06:22.655717+0700 INFO invs before deduction: 
2024-09-16T18:06:22.705324+0700 INFO invs after deduction: 
2024-09-16T18:06:36.881489+0700 INFO invs before deduction: 
2024-09-16T18:06:36.920433+0700 INFO invs after deduction: 
2024-09-16T18:06:52.575252+0700 INFO invs before deduction: 
2024-09-16T18:06:52.618646+0700 INFO invs after deduction: 
2024-09-16T18:07:09.173330+0700 INFO invs before deduction: 
2024-09-16T18:07:09.229921+0700 INFO invs after deduction: 
2024-09-16T18:07:23.605699+0700 INFO invs before deduction: 
2024-09-16T18:07:23.640895+0700 INFO invs after deduction: 
2024-09-16T18:07:40.119697+0700 INFO invs before deduction: 
2024-09-16T18:07:40.161353+0700 INFO invs after deduction: 
2024-09-16T18:07:56.617636+0700 INFO invs before deduction: 
2024-09-16T18:07:56.647604+0700 INFO invs after deduction: 
2024-09-16T18:11:47.832218+0700 INFO Start Reprint Thread
2024-09-16T18:12:52.487520+0700 INFO Start Reprint Thread
2024-09-16T18:15:02.617296+0700 INFO Start Reprint Thread
2024-09-16T18:15:08.994488+0700 INFO Start Reprint Thread
2024-09-16T18:15:54.463694+0700 INFO Start Reprint Thread
2024-09-16T18:16:13.336713+0700 INFO invs before deduction: 
2024-09-16T18:16:13.373464+0700 INFO invs after deduction: 
2024-09-16T18:25:24.382774+0700 INFO Start Reprint Thread
2024-09-16T18:25:42.865243+0700 INFO invs before deduction: 
2024-09-16T18:25:42.900388+0700 INFO invs after deduction: 
2024-09-16T18:27:26.825942+0700 INFO Start Reprint Thread
2024-09-16T18:27:42.419159+0700 INFO invs before deduction: 
2024-09-16T18:27:42.464031+0700 INFO invs after deduction: 
2024-09-17T10:06:39.708974+0700 INFO Start Reprint Thread
2024-09-17T10:06:44.750830+0700 INFO Start Reprint Thread
2024-09-17T10:08:39.415334+0700 INFO Start Reprint Thread
2024-09-17T10:08:47.582460+0700 INFO Start Reprint Thread
2024-09-17T11:21:22.360096+0700 ERROR 'MainApp' object has no attribute 'target_col'
2024-09-17T11:29:53.995035+0700 INFO get_state_from_file: called
2024-09-17T11:29:54.218506+0700 INFO get_state_from_file: called
2024-09-17T11:38:59.227045+0700 INFO get_state_from_file: called
2024-09-17T11:38:59.551728+0700 INFO get_state_from_file: called
2024-09-17T11:41:35.990205+0700 INFO get_state_from_file: called
2024-09-17T11:46:17.562750+0700 INFO get_state_from_file: called
2024-09-17T11:46:17.869112+0700 INFO get_state_from_file: called
2024-09-17T11:46:26.780220+0700 INFO get_state_from_file: called
2024-09-17T11:46:26.803347+0700 INFO get_state_from_file: called
2024-09-17T11:48:32.889675+0700 INFO get_state_from_file: called
2024-09-17T11:48:32.907461+0700 INFO get_state_from_file: called
2024-09-17T11:48:35.967348+0700 INFO Start Reprint Thread
2024-09-17T11:48:54.750637+0700 INFO invs before deduction: 
2024-09-17T11:48:54.794324+0700 INFO invs after deduction: 
2024-09-17T11:49:12.302655+0700 INFO invs before deduction: 
2024-09-17T11:49:12.332477+0700 INFO invs after deduction: 
2024-09-17T11:49:29.958501+0700 INFO invs before deduction: 
2024-09-17T11:49:29.979416+0700 INFO invs after deduction: 
2024-09-17T11:49:51.267285+0700 INFO invs before deduction: 
2024-09-17T11:49:51.293244+0700 INFO invs after deduction: 
2024-09-17T11:50:08.165186+0700 INFO invs before deduction: 
2024-09-17T11:50:08.194333+0700 INFO invs after deduction: 
2024-09-17T11:50:30.400416+0700 INFO invs before deduction: 
2024-09-17T11:50:30.437283+0700 INFO invs after deduction: 
2024-09-17T11:50:47.980052+0700 INFO invs before deduction: 
2024-09-17T11:50:48.028518+0700 INFO invs after deduction: 
2024-09-17T11:51:05.196779+0700 INFO invs before deduction: 
2024-09-17T11:51:05.229647+0700 INFO invs after deduction: 
2024-09-17T11:51:23.903117+0700 INFO invs before deduction: 
2024-09-17T11:51:23.929935+0700 INFO invs after deduction: 
2024-09-17T11:51:42.388735+0700 INFO invs before deduction: 
2024-09-17T11:51:42.429562+0700 INFO invs after deduction: 
2024-09-17T11:51:59.255046+0700 INFO invs before deduction: 
2024-09-17T11:51:59.284285+0700 INFO invs after deduction: 
2024-09-17T11:52:38.915769+0700 INFO invs before deduction: 
2024-09-17T11:52:38.966741+0700 INFO invs after deduction: 
2024-09-17T11:52:55.362391+0700 INFO invs before deduction: 
2024-09-17T11:52:55.385251+0700 INFO invs after deduction: 
2024-09-17T11:53:11.528119+0700 INFO invs before deduction: 
2024-09-17T11:53:11.567448+0700 INFO invs after deduction: 
2024-09-17T12:02:55.493351+0700 INFO get_state_from_file: called
2024-09-17T12:02:55.541649+0700 INFO get_state_from_file: called
2024-09-17T12:03:41.840323+0700 INFO get_state_from_file: called
2024-09-17T12:03:41.840323+0700 INFO get_state_from_file: called
2024-09-17T12:03:43.998896+0700 INFO Start Reprint Thread
2024-09-17T12:04:20.058705+0700 INFO invs before deduction: 
2024-09-17T12:04:20.100440+0700 INFO invs after deduction: 
2024-09-17T12:05:01.629979+0700 INFO get_state_from_file: called
2024-09-17T12:05:01.645984+0700 INFO get_state_from_file: called
2024-09-17T12:05:07.307424+0700 INFO Start Reprint Thread
2024-09-17T12:05:25.417949+0700 INFO invs before deduction: 
2024-09-17T12:05:25.460049+0700 INFO invs after deduction: 
2024-09-17T12:05:51.277522+0700 INFO invs before deduction: 
2024-09-17T12:05:51.315598+0700 INFO invs after deduction: 
2024-09-17T12:06:06.911954+0700 INFO invs before deduction: 
2024-09-17T12:06:06.996494+0700 INFO invs after deduction: 
2024-09-17T12:06:21.107563+0700 INFO invs before deduction: 
2024-09-17T12:06:21.148110+0700 INFO invs after deduction: 
2024-09-17T12:06:53.508585+0700 INFO get_state_from_file: called
2024-09-17T12:06:53.522587+0700 INFO get_state_from_file: called
2024-09-17T12:07:06.025198+0700 INFO Start Reprint Thread
2024-09-17T12:07:22.354398+0700 INFO invs before deduction: 
2024-09-17T12:07:22.406919+0700 INFO invs after deduction: 
2024-09-17T12:07:37.502051+0700 INFO invs before deduction: 
2024-09-17T12:07:37.544318+0700 INFO invs after deduction: 
2024-09-17T12:07:53.583003+0700 INFO invs before deduction: 
2024-09-17T12:07:53.605468+0700 INFO invs after deduction: 
